2026-08-23 11:13:03,207 [WARNING] discord.client: PyNaCl is not installed, voice will NOT be supported
2026-08-23 11:13:03,207 [WARNING] discord.client: davey is not installed, voice will NOT be supported
2026-08-23 13:18:21,519 [WARNING] discord.client: PyNaCl is not installed, voice will NOT be supported
2026-08-23 13:18:21,519 [WARNING] discord.client: davey is not installed, voice will NOT be supported
2026-08-23 13:18:21,521 [INFO] discord.client: logging in using static token
2026-08-23 13:18:22,285 [INFO] tournies_bot: Initializing database at D:\Code\tournies_bot\tournies.db ...
2026-08-23 13:18:22,335 [INFO] tournies_bot: Database initialized successfully.
2026-08-23 13:18:22,339 [INFO] tournies_bot: Loaded cog: cogs.help
2026-08-23 13:18:22,347 [INFO] tournies_bot: Loaded cog: cogs.scheduling
2026-08-23 13:18:22,350 [INFO] tournies_bot: Loaded cog: cogs.participation
2026-08-23 13:18:22,382 [ERROR] tournies_bot: Failed to load cog cogs.live: Extension 'cogs.live' raised an error: NameError: name 'Tournament' is not defined
Traceback (most recent call last):
  File "C:\Users\narop\AppData\Local\Programs\Python\Python312\Lib\site-packages\discord\ext\commands\bot.py", line 962, in _load_from_module_spec
    spec.loader.exec_module(lib)  # type: ignore
    ^^^^^^^^^^^^^^^^^^^^^^^^^^^^
  File "<frozen importlib._bootstrap_external>", line 994, in exec_module
  File "<frozen importlib._bootstrap>", line 488, in _call_with_frames_removed
  File "D:\Code\tournies_bot\cogs\live.py", line 50, in <module>
    class LiveCog(commands.Cog, name="Live Execution"):
  File "D:\Code\tournies_bot\cogs\live.py", line 268, in LiveCog
    async def _conclude_tournament(self, channel, tournament: Tournament, state: BracketState) -> None:
                                                              ^^^^^^^^^^
NameError: name 'Tournament' is not defined

The above exception was the direct cause of the following exception:

Traceback (most recent call last):
  File "D:\Code\tournies_bot\bot.py", line 67, in setup_hook
    await self.load_extension(cog)
  File "C:\Users\narop\AppData\Local\Programs\Python\Python312\Lib\site-packages\discord\ext\commands\bot.py", line 1040, in load_extension
    await self._load_from_module_spec(spec, name)
  File "C:\Users\narop\AppData\Local\Programs\Python\Python312\Lib\site-packages\discord\ext\commands\bot.py", line 965, in _load_from_module_spec
    raise errors.ExtensionFailed(key, e) from e
discord.ext.commands.errors.ExtensionFailed: Extension 'cogs.live' raised an error: NameError: name 'Tournament' is not defined
2026-08-23 13:18:22,387 [INFO] tournies_bot: Loaded cog: cogs.prestige
2026-08-23 13:18:22,389 [INFO] tournies_bot: Loaded cog: cogs.testing
2026-08-23 13:18:22,391 [INFO] tasks.alerts: Alert loop started (interval: 30 min)
2026-08-23 13:18:22,391 [INFO] tournies_bot: Loaded cog: tasks.alerts
2026-08-23 13:18:22,987 [INFO] tournies_bot: Shutting down...
2026-08-23 13:18:22,996 [INFO] tasks.alerts: Alert loop stopped.
2026-08-23 14:05:41,385 [WARNING] discord.client: PyNaCl is not installed, voice will NOT be supported
2026-08-23 14:05:41,385 [WARNING] discord.client: davey is not installed, voice will NOT be supported
2026-08-23 14:05:41,388 [INFO] discord.client: logging in using static token
2026-08-23 14:05:41,734 [INFO] tournies_bot: Initializing database at D:\Code\tournies_bot\tournies.db ...
2026-08-23 14:05:41,737 [INFO] tournies_bot: Database initialized successfully.
2026-08-23 14:05:41,739 [INFO] tournies_bot: Loaded cog: cogs.help
2026-08-23 14:05:41,745 [INFO] tournies_bot: Loaded cog: cogs.scheduling
2026-08-23 14:05:41,746 [INFO] tournies_bot: Loaded cog: cogs.participation
2026-08-23 14:05:41,771 [INFO] tournies_bot: Loaded cog: cogs.live
2026-08-23 14:05:41,772 [INFO] tournies_bot: Loaded cog: cogs.prestige
2026-08-23 14:05:41,773 [INFO] tournies_bot: Loaded cog: cogs.testing
2026-08-23 14:05:41,775 [INFO] tasks.alerts: Alert loop started (interval: 30 min)
2026-08-23 14:05:41,775 [INFO] tournies_bot: Loaded cog: tasks.alerts
2026-08-23 14:05:42,097 [INFO] discord.gateway: Shard ID None has connected to Gateway (Session ID: b302204750805f83a89c3be3aa17aa6a).
2026-08-23 14:05:44,106 [INFO] tasks.alerts: Alert loop waiting complete, bot is ready.
2026-08-23 14:05:44,106 [INFO] tournies_bot: Logged in as Tournies Bot#2540 (ID: 1541118402272436615)
2026-08-23 14:05:44,106 [INFO] tournies_bot: Connected to 1 guild(s)
2026-08-23 14:10:54,828 [WARNING] discord.client: PyNaCl is not installed, voice will NOT be supported
2026-08-23 14:10:54,828 [WARNING] discord.client: davey is not installed, voice will NOT be supported
2026-08-23 14:10:54,829 [INFO] discord.client: logging in using static token
2026-08-23 14:10:55,190 [INFO] tournies_bot: Initializing database at D:\Code\tournies_bot\tournies.db ...
2026-08-23 14:10:55,193 [INFO] tournies_bot: Database initialized successfully.
2026-08-23 14:10:55,197 [INFO] tournies_bot: Loaded cog: cogs.help
2026-08-23 14:10:55,203 [INFO] tournies_bot: Loaded cog: cogs.scheduling
2026-08-23 14:10:55,204 [INFO] tournies_bot: Loaded cog: cogs.participation
2026-08-23 14:10:55,233 [INFO] tournies_bot: Loaded cog: cogs.live
2026-08-23 14:10:55,235 [INFO] tournies_bot: Loaded cog: cogs.prestige
2026-08-23 14:10:55,236 [INFO] tournies_bot: Loaded cog: cogs.testing
2026-08-23 14:10:55,239 [INFO] tasks.alerts: Alert loop started (interval: 30 min)
2026-08-23 14:10:55,239 [INFO] tournies_bot: Loaded cog: tasks.alerts
2026-08-23 14:10:55,525 [INFO] discord.gateway: Shard ID None has connected to Gateway (Session ID: ea523effeb94f8e06792c06f79bb5f4c).
2026-08-23 14:10:57,538 [INFO] tasks.alerts: Alert loop waiting complete, bot is ready.
2026-08-23 14:10:57,538 [INFO] tournies_bot: Logged in as Tournies Bot#2540 (ID: 1541118402272436615)
2026-08-23 14:10:57,538 [INFO] tournies_bot: Connected to 1 guild(s)
2026-08-23 14:11:50,408 [WARNING] discord.client: PyNaCl is not installed, voice will NOT be supported
2026-08-23 14:11:50,409 [WARNING] discord.client: davey is not installed, voice will NOT be supported
2026-08-23 14:11:50,411 [INFO] discord.client: logging in using static token
2026-08-23 14:11:50,773 [INFO] tournies_bot: Initializing database at D:\Code\tournies_bot\tournies.db ...
2026-08-23 14:11:50,776 [INFO] tournies_bot: Database initialized successfully.
2026-08-23 14:11:50,780 [INFO] tournies_bot: Loaded cog: cogs.help
2026-08-23 14:11:50,785 [INFO] tournies_bot: Loaded cog: cogs.scheduling
2026-08-23 14:11:50,786 [INFO] tournies_bot: Loaded cog: cogs.participation
2026-08-23 14:11:50,809 [INFO] tournies_bot: Loaded cog: cogs.live
2026-08-23 14:11:50,810 [INFO] tournies_bot: Loaded cog: cogs.prestige
2026-08-23 14:11:50,811 [INFO] tournies_bot: Loaded cog: cogs.testing
2026-08-23 14:11:50,813 [INFO] tasks.alerts: Alert loop started (interval: 30 min)
2026-08-23 14:11:50,813 [INFO] tournies_bot: Loaded cog: tasks.alerts
2026-08-23 14:11:51,121 [INFO] discord.gateway: Shard ID None has connected to Gateway (Session ID: 2feba810c1052ea71df315729b5d6885).
2026-08-23 14:11:53,151 [INFO] tasks.alerts: Alert loop waiting complete, bot is ready.
2026-08-23 14:11:53,152 [INFO] tournies_bot: Logged in as Tournies Bot#2540 (ID: 1541118402272436615)
2026-08-23 14:11:53,152 [INFO] tournies_bot: Connected to 1 guild(s)
2026-08-23 14:20:22,174 [WARNING] discord.client: PyNaCl is not installed, voice will NOT be supported
2026-08-23 14:20:22,175 [WARNING] discord.client: davey is not installed, voice will NOT be supported
2026-08-23 14:20:22,177 [INFO] discord.client: logging in using static token
2026-08-23 14:20:22,641 [INFO] tournies_bot: Initializing database at D:\Code\tournies_bot\tournies.db ...
2026-08-23 14:20:22,643 [INFO] tournies_bot: Database initialized successfully.
2026-08-23 14:20:22,647 [INFO] tournies_bot: Loaded cog: cogs.help
2026-08-23 14:20:22,653 [INFO] tournies_bot: Loaded cog: cogs.scheduling
2026-08-23 14:20:22,654 [INFO] tournies_bot: Loaded cog: cogs.participation
2026-08-23 14:20:22,682 [INFO] tournies_bot: Loaded cog: cogs.live
2026-08-23 14:20:22,683 [INFO] tournies_bot: Loaded cog: cogs.prestige
2026-08-23 14:20:22,684 [INFO] tournies_bot: Loaded cog: cogs.testing
2026-08-23 14:20:22,687 [INFO] tasks.alerts: Alert loop started (interval: 30 min)
2026-08-23 14:20:22,687 [INFO] tournies_bot: Loaded cog: tasks.alerts
2026-08-23 14:20:23,012 [INFO] discord.gateway: Shard ID None has connected to Gateway (Session ID: bd32d80944569b4e3ef9bac3e56c6b86).
2026-08-23 14:20:25,024 [INFO] tasks.alerts: Alert loop waiting complete, bot is ready.
2026-08-23 14:20:25,024 [INFO] tournies_bot: Logged in as Tournies Bot#2540 (ID: 1541118402272436615)
2026-08-23 14:20:25,024 [INFO] tournies_bot: Connected to 1 guild(s)
2026-08-23 14:27:02,018 [WARNING] discord.client: PyNaCl is not installed, voice will NOT be supported
2026-08-23 14:27:02,018 [WARNING] discord.client: davey is not installed, voice will NOT be supported
2026-08-23 14:27:02,020 [INFO] discord.client: logging in using static token
2026-08-23 14:27:02,290 [INFO] tournies_bot: Initializing database at D:\Code\tournies_bot\tournies.db ...
2026-08-23 14:27:02,293 [INFO] tournies_bot: Database initialized successfully.
2026-08-23 14:27:02,299 [INFO] tournies_bot: Loaded cog: cogs.help
2026-08-23 14:27:02,306 [INFO] tournies_bot: Loaded cog: cogs.scheduling
2026-08-23 14:27:02,307 [INFO] tournies_bot: Loaded cog: cogs.participation
2026-08-23 14:27:02,339 [INFO] tournies_bot: Loaded cog: cogs.live
2026-08-23 14:27:02,341 [INFO] tournies_bot: Loaded cog: cogs.prestige
2026-08-23 14:27:02,342 [INFO] tournies_bot: Loaded cog: cogs.testing
2026-08-23 14:27:02,344 [INFO] tasks.alerts: Alert loop started (interval: 30 min)
2026-08-23 14:27:02,344 [INFO] tournies_bot: Loaded cog: tasks.alerts
2026-08-23 14:27:02,631 [INFO] discord.gateway: Shard ID None has connected to Gateway (Session ID: 82b1e31eca53a6453237a7b3e4329de9).
2026-08-23 14:27:04,635 [INFO] tasks.alerts: Alert loop waiting complete, bot is ready.
2026-08-23 14:27:04,635 [INFO] tournies_bot: Logged in as Tournies Bot#2540 (ID: 1541118402272436615)
2026-08-23 14:27:04,635 [INFO] tournies_bot: Connected to 1 guild(s)
